Flutter crash report.
Please report a bug at https://github.com/flutter/flutter/issues.

## command

flutter drive --driver=test_driver/integration_test.dart --target=integration_test/app_intregration_test.dart -d chrome --no-dds

## exception

SocketException: SocketException: Connection refused (OS Error: Connection refused, errno = 61), address = localhost, port = 62573

```
#0      _NativeSocket.startConnect (dart:io-patch/socket_patch.dart:821:35)
#1      _RawSocket.startConnect (dart:io-patch/socket_patch.dart:2284:26)
#2      RawSocket.startConnect (dart:io-patch/socket_patch.dart:41:23)
#3      Socket._startConnect (dart:io-patch/socket_patch.dart:2548:22)
#4      Socket.startConnect (dart:io/socket.dart:897:21)
#5      _ConnectionTarget.connect (dart:_http/http_impl.dart:2699:20)
#6      _HttpClient._getConnection.connect (dart:_http/http_impl.dart:3193:12)
#7      _HttpClient._getConnection (dart:_http/http_impl.dart:3198:12)
#8      _HttpClient._openUrl (dart:_http/http_impl.dart:3021:12)
#9      _HttpClient.deleteUrl (dart:_http/http_impl.dart:2883:51)
#10     AsyncIoRequestClient.sendRaw (package:webdriver/src/request/async_io_request_client.dart:33:36)
<asynchronous suspension>
#11     AsyncRequestClient.send (package:webdriver/src/common/request_client.dart:96:33)
<asynchronous suspension>
#12     WebDriver.quit (package:webdriver/src/async/web_driver.dart:133:5)
<asynchronous suspension>
#13     WebDriverService.startTest (package:flutter_tools/src/drive/web_driver_service.dart:232:5)
<asynchronous suspension>
#14     DriveCommand.runCommand (package:flutter_tools/src/commands/drive.dart:398:30)
<asynchronous suspension>
#15     FlutterCommand.run.<anonymous closure> (package:flutter_tools/src/runner/flutter_command.dart:1559:27)
<asynchronous suspension>
#16     AppContext.run.<anonymous closure> (package:flutter_tools/src/base/context.dart:154:19)
<asynchronous suspension>
#17     CommandRunner.runCommand (package:args/command_runner.dart:212:13)
<asynchronous suspension>
#18     FlutterCommandRunner.runCommand.<anonymous closure> (package:flutter_tools/src/runner/flutter_command_runner.dart:487:9)
<asynchronous suspension>
#19     AppContext.run.<anonymous closure> (package:flutter_tools/src/base/context.dart:154:19)
<asynchronous suspension>
#20     FlutterCommandRunner.runCommand (package:flutter_tools/src/runner/flutter_command_runner.dart:422:5)
<asynchronous suspension>
#21     run.<anonymous closure>.<anonymous closure> (package:flutter_tools/runner.dart:104:11)
<asynchronous suspension>
#22     AppContext.run.<anonymous closure> (package:flutter_tools/src/base/context.dart:154:19)
<asynchronous suspension>
#23     main (package:flutter_tools/executable.dart:103:3)
<asynchronous suspension>
```

## flutter doctor

```
[✓] Flutter (Channel stable, 3.38.7, on macOS 26.4.1 25E253 darwin-arm64, locale en-TH) [313ms]
    • Flutter version 3.38.7 on channel stable at /Users/macbookair/Developer/flutter
    • Upstream repository https://github.com/flutter/flutter.git
    • Framework revision 3b62efc2a3 (4 months ago), 2026-01-13 13:47:42 -0800
    • Engine revision 78fc3012e4
    • Dart version 3.10.7
    • DevTools version 2.51.1
    • Feature flags: enable-web, enable-linux-desktop, enable-macos-desktop, enable-windows-desktop, enable-android, enable-ios, cli-animations, enable-native-assets, omit-legacy-version-file, enable-lldb-debugging

[✓] Android toolchain - develop for Android devices (Android SDK version 36.0.0) [1,631ms]
    • Android SDK at /Users/macbookair/Library/Android/sdk
    • Emulator version 35.6.11.0 (build_id 13610412) (CL:N/A)
    • Platform android-36, build-tools 36.0.0
    • Java binary at: /Applications/Android Studio.app/Contents/jbr/Contents/Home/bin/java
      This is the JDK bundled with the latest Android Studio installation on this machine.
      To manually set the JDK path, use: `flutter config --jdk-dir="path/to/jdk"`.
    • Java version OpenJDK Runtime Environment (build 21.0.6+-13368085-b895.109)
    • All Android licenses accepted.

[✓] Xcode - develop for iOS and macOS (Xcode 26.2) [1,036ms]
    • Xcode at /Applications/Xcode.app/Contents/Developer
    • Build 17C52
    • CocoaPods version 1.16.2

[✓] Chrome - develop for the web [3ms]
    • Chrome at /Applications/Google Chrome.app/Contents/MacOS/Google Chrome

[✓] Connected device (3 available) [7.0s]
    • sdk gphone16k arm64 (mobile) • emulator-5554 • android-arm64  • Android 17 (API 37) (emulator)
    • macOS (desktop)              • macos         • darwin-arm64   • macOS 26.4.1 25E253 darwin-arm64
    • Chrome (web)                 • chrome        • web-javascript • Google Chrome 148.0.7778.179
    ! Error: Browsing on the local area network for Mookmaleawja’s Apple Watch. Ensure the device is unlocked and discoverable via Bluetooth. (code -27)
    ! Error: Browsing on the local area network for iPhone. Ensure the device is unlocked and attached with a cable or associated with the same local area network as this Mac.
      The device must be opted into Developer Mode to connect wirelessly. (code -27)

[✓] Network resources [532ms]
    • All expected network resources are available.

• No issues found!
```
